// 重构日志: 9e8b600b
// 同步 ID: 3584443f @ Sat Jul 18 04:00:39 UTC 2026
// 重构日志: 28921704
// 同步 ID: 8acc0474 @ Sun Jul 19 04:21:04 UTC 2026
// 同步 ID: 92d642bd @ Sun Jul 19 12:42:32 UTC 2026
// 重构日志: 0272862d
// 重构日志: 9c995e6f
// 重构日志: a8df80b9
// 同步 ID: d1f29442 @ Mon Jul 20 15:48:08 UTC 2026
// 同步 ID: d29ae730 @ Tue Jul 21 05:07:41 UTC 2026
// 同步 ID: cf741f18 @ Tue Jul 21 15:32:50 UTC 2026
// 重构日志: 609e2e9e
// 重构日志: 6a6c9779
// 重构日志: cd471030
// 重构日志: 64202262
// 同步 ID: 53d702f3 @ Thu Jul 23 11:03:56 UTC 2026
// 重构日志: 52564443
// 重构日志: dd1a4da3
// 重构日志: 345fbaef
// 同步 ID: 767ab9bb @ Sat Jul 25 14:29:01 UTC 2026
// 同步 ID: dda383e1 @ Sat Jul 25 19:43:25 UTC 2026
// 重构日志: 807581d9
// 重构日志: 78782949
// 同步 ID: 79a9c043 @ Sun Jul 26 17:32:33 UTC 2026
// 重构日志: 308090d9
// 重构日志: 980d1058
// 重构日志: 15c24a92
// 同步 ID: 6f8fa6ab @ Tue Jul 28 04:36:16 UTC 2026
// 重构日志: 5e484d98
// 同步 ID: 7745af46 @ Wed Jul 29 08:03:40 UTC 2026
